
> certificados@0.1.0 build
> next build

node.exe : ÔÜá Warning: Next.js inferred your workspace root, but it may not be correct.
No linha:1 caractere:1
+ & "C:\Program Files\nodejs/node.exe" "C:\Program Files\nodejs/node_mo ...
+ ~~~~~~~~~~~~~~~~~~~~~~~~~~~~~~~~~~~~~~~~~~~~~~~~~~~~~~~~~~~~~~~~~~~~~
    + CategoryInfo          : NotSpecified: (ÔÜá Warning: Ne...not be correct.:String) [], RemoteException
    + FullyQualifiedErrorId : NativeCommandError
 
 We detected multiple lockfiles and selected the directory of C:\Users\Usu├írio\package-lock.json as the root 
directory.
 To silence this warning, set `turbopack.root` in your Next.js config, or consider removing one of the lockfiles if 
it's not needed.
   See https://nextjs.org/docs/app/api-reference/config/next-config-js/turbopack#root-directory for more information.
 Detected additional lockfiles: 
   * C:\Users\Usu├írio\Desktop\certificados\package-lock.json

Ôû▓ Next.js 16.2.6 (Turbopack)
- Environments: .env

  Creating an optimized production build ...
Ô£ô Compiled successfully in 2.3s
  Running TypeScript ...
  Finished TypeScript in 3.8s ...
  Collecting page data using 6 workers ...
Error: Failed to collect configuration for /
    at ignore-listed frames {
  [cause]: Error [PrismaClientInitializationError]: `PrismaClient` needs to be constructed with a non-empty, valid 
`PrismaClientOptions`:
  
  ```
  new PrismaClient({
    ...
  })
  ```
  
  or
  
  ```
  constructor() {
    super({ ... });
  }
  ```
            
      at module evaluation 
(C:\Users\Usu├írio\Desktop\certificados\.next\server\chunks\ssr\[root-of-the-server]__0owlied._.js:19:366)
      at instantiateModule 
(C:\Users\Usu├írio\Desktop\certificados\.next\server\chunks\ssr\[turbopack]_runtime.js:853:9)
      at getOrInstantiateModuleFromParent 
(C:\Users\Usu├írio\Desktop\certificados\.next\server\chunks\ssr\[turbopack]_runtime.js:877:12)
      at Context.esmImport [as i] 
(C:\Users\Usu├írio\Desktop\certificados\.next\server\chunks\ssr\[turbopack]_runtime.js:281:20)
      at module evaluation 
(C:\Users\Usu├írio\Desktop\certificados\.next\server\chunks\ssr\Desktop_certificados_0662hkn._.js:1:10602)
      at instantiateModule 
(C:\Users\Usu├írio\Desktop\certificados\.next\server\chunks\ssr\[turbopack]_runtime.js:853:9)
      at getOrInstantiateModuleFromParent 
(C:\Users\Usu├írio\Desktop\certificados\.next\server\chunks\ssr\[turbopack]_runtime.js:877:12)
      at Context.esmImport [as i] 
(C:\Users\Usu├írio\Desktop\certificados\.next\server\chunks\ssr\[turbopack]_runtime.js:281:20)
      at module evaluation 
(C:\Users\Usu├írio\Desktop\certificados\.next\server\chunks\ssr\[root-of-the-server]__0vu_kiz._.js:1:184) {
    clientVersion: '7.8.0',
    errorCode: undefined,
    retryable: undefined
  }
}

> Build error occurred
Error: Failed to collect page data for /
    at ignore-listed frames {
  type: 'Error'
}
